// Jest Snapshot v1, https://goo.gl/fbAQLP

exports[`StyledCardOverflowAuto should render 1`] = `
<div>
  <div
    class="MuiPaper-root MuiPaper-elevation MuiPaper-rounded MuiPaper-elevation1 MuiCard-root css-yq514b-MuiPaper-root-MuiCard-root"
  />
</div>
`;
